
======================================================================
  COMPREHENSIVE POSTGRESQL CLUSTER TEST
======================================================================

[CLEANUP] Removing ALL Docker containers (aggressive cleanup)...
   Stopping all running containers...
   [WARN] Warning during container cleanup: Kan een gedeelte van het pad C:\dev\null niet vinden.

[STARTUP] Starting Docker containers...
   [INFO] Waiting 60 seconds for containers to be ready...

[1/7] Validating Container Health
   Checking containers...
   [OK] operationManagement : running
   [OK] webserver : running
   [OK] postgres-node1 : running
   [OK] postgres-node2 : running
   [OK] postgres-node3 : running
   [OK] postgres-replica-1 : running
   [OK] postgres-replica-2 : running
   [INFO] Waiting for primary node to be elected...
   [WARN] No primary found, retrying in 5 seconds... (attempt 1/12)
   [WARN] No primary found, retrying in 5 seconds... (attempt 2/12)
   [WARN] No primary found, retrying in 5 seconds... (attempt 3/12)
   [WARN] No primary found, retrying in 5 seconds... (attempt 4/12)
   [WARN] No primary found, retrying in 5 seconds... (attempt 5/12)
   [WARN] No primary found, retrying in 5 seconds... (attempt 6/12)
   [WARN] No primary found, retrying in 5 seconds... (attempt 7/12)
   [WARN] No primary found, retrying in 5 seconds... (attempt 8/12)
   [WARN] No primary found, retrying in 5 seconds... (attempt 9/12)
   [WARN] No primary found, retrying in 5 seconds... (attempt 10/12)
   [WARN] No primary found, retrying in 5 seconds... (attempt 11/12)
   [WARN] No primary node detected after 60 seconds, will attempt manual promotion
   [WARN] No primary node elected. Attempting to set node2 as primary...

[2/7] Promoting node2 to PRIMARY
   [INFO] Sending promotion request...
   [OK] Request sent (may timeout, operation continues)
   [INFO] Waiting 40 seconds for promotion to complete...
   [OK] node2 is now PRIMARY
True
   Current Cluster State:
      Primary: node2
      node1 : [STANDBY]
      node2 : [PRIMARY]
      node3 : [STANDBY]

[3/7] Initializing Database with Test Data
   [INFO] Running init container...
   [OK] Database initialized successfully
True
   Current Cluster State:
      Primary: node2
      node1 : [STANDBY]
      node2 : [PRIMARY]
      node3 : [STANDBY]
   Before Test Data Generation
   [WARN] node1 : unable to query
   [WARN] node2 : unable to query
   [WARN] node3 : unable to query

[5/7] Starting Test Data Generator
   [INFO] Running test data generator (300 seconds)...
   [WARN] Test data generator failed
False
   After Test Data Generation
   [WARN] node1 : unable to query
   [WARN] node2 : unable to query
   [WARN] node3 : unable to query
   [OK] Approximately 0 entries inserted during test
   [ERROR] No data was inserted - test may have failed

[CRITICAL] Test aborted due to error!
